Launching lib\main.dart on sdk gphone64 x86 64 in debug mode...
Running Gradle task 'assembleDebug'...                          
flutter : 
At line:1 char:1
+ flutter run 2>&1 | Out-File -FilePath build_output.txt; Get-Content b ...
+ ~~~~~~~~~~~~~~~~
    + CategoryInfo          : NotSpecified: (:String) [], RemoteException
    + FullyQualifiedErrorId : NativeCommandError
 
FAILURE: Build failed with an exception.

* What went wrong:
Execution failed for task ':assets_audio_player_web:compileDebugKotlin'.
> Inconsistent JVM-target compatibility detected for tasks 'compileDebugJavaWithJavac' 
(1.8) and 'compileDebugKotlin' (21).

  Consider using JVM Toolchain: https://kotl.in/gradle/jvm/toolchain
  Learn more about JVM-target validation: https://kotl.in/gradle/jvm/target-validation 

* Try:
> Run with --stacktrace option to get the stack trace.
> Run with --info or --debug option to get more log output.
> Run with --scan to get full insights.
> Get more help at https://help.gradle.org.

BUILD FAILED in 5s
Running Gradle task 'assembleDebug'...                              6.1s
Error: Gradle task assembleDebug failed with exit code 1
